(W) 2025-01-11T04:33:08 - File error alert. Torrent: "Would.I.Lie.To.You.S18E01.1080p.HEVC.x265-MeGusta[EZTVx.to].mkv[eztvx.to]". File: "/x-media/torrents/incomplete/Would.I.Lie.To.You.S18E01.1080p.HEVC.x265-MeGusta[EZTVx.to].mkv". Reason: "Would.I.Lie.To.You.S18E01.1080p.HEVC.x265-MeGusta[EZTVx.to].mkv file_open (/x-media/torrents/incomplete/Would.I.Lie.To.You.S18E01.1080p.HEVC.x265-MeGusta[EZTVx.to].mkv) error: Permission denied"
(W) 2025-01-11T04:43:09 - File error alert. Torrent: "Would.I.Lie.To.You.S18E01.1080p.HEVC.x265-MeGusta[EZTVx.to].mkv[eztvx.to]". File: "/x-media/torrents/incomplete/Would.I.Lie.To.You.S18E01.1080p.HEVC.x265-MeGusta[EZTVx.to].mkv". Reason: "Would.I.Lie.To.You.S18E01.1080p.HEVC.x265-MeGusta[EZTVx.to].mkv file_open (/x-media/torrents/incomplete/Would.I.Lie.To.You.S18E01.1080p.HEVC.x265-MeGusta[EZTVx.to].mkv) error: Permission denied"
(W) 2025-01-11T04:53:09 - File error alert. Torrent: "Would.I.Lie.To.You.S18E01.1080p.HEVC.x265-MeGusta[EZTVx.to].mkv[eztvx.to]". File: "/x-media/torrents/incomplete/Would.I.Lie.To.You.S18E01.1080p.HEVC.x265-MeGusta[EZTVx.to].mkv". Reason: "Would.I.Lie.To.You.S18E01.1080p.HEVC.x265-MeGusta[EZTVx.to].mkv file_open (/x-media/torrents/incomplete/Would.I.Lie.To.You.S18E01.1080p.HEVC.x265-MeGusta[EZTVx.to].mkv) error: Permission denied"
(W) 2025-01-11T05:03:09 - File error alert. Torrent: "Would.I.Lie.To.You.S18E01.1080p.HEVC.x265-MeGusta[EZTVx.to].mkv[eztvx.to]". File: "/x-media/torrents/incomplete/Would.I.Lie.To.You.S18E01.1080p.HEVC.x265-MeGusta[EZTVx.to].mkv". Reason: "Would.I.Lie.To.You.S18E01.1080p.HEVC.x265-MeGusta[EZTVx.to].mkv file_open (/x-media/torrents/incomplete/Would.I.Lie.To.You.S18E01.1080p.HEVC.x265-MeGusta[EZTVx.to].mkv) error: Permission denied"
(W) 2025-01-11T05:13:09 - File error alert. Torrent: "Would.I.Lie.To.You.S18E01.1080p.HEVC.x265-MeGusta[EZTVx.to].mkv[eztvx.to]". File: "/x-media/torrents/incomplete/Would.I.Lie.To.You.S18E01.1080p.HEVC.x265-MeGusta[EZTVx.to].mkv". Reason: "Would.I.Lie.To.You.S18E01.1080p.HEVC.x265-MeGusta[EZTVx.to].mkv file_open (/x-media/torrents/incomplete/Would.I.Lie.To.You.S18E01.1080p.HEVC.x265-MeGusta[EZTVx.to].mkv) error: Permission denied"
(W) 2025-01-11T05:23:10 - File error alert. Torrent: "Would.I.Lie.To.You.S18E01.1080p.HEVC.x265-MeGusta[EZTVx.to].mkv[eztvx.to]". File: "/x-media/torrents/incomplete/Would.I.Lie.To.You.S18E01.1080p.HEVC.x265-MeGusta[EZTVx.to].mkv". Reason: "Would.I.Lie.To.You.S18E01.1080p.HEVC.x265-MeGusta[EZTVx.to].mkv file_open (/x-media/torrents/incomplete/Would.I.Lie.To.You.S18E01.1080p.HEVC.x265-MeGusta[EZTVx.to].mkv) error: Permission denied"
(W) 2025-01-11T05:33:11 - File error alert. Torrent: "Would.I.Lie.To.You.S18E01.1080p.HEVC.x265-MeGusta[EZTVx.to].mkv[eztvx.to]". File: "/x-media/torrents/incomplete/Would.I.Lie.To.You.S18E01.1080p.HEVC.x265-MeGusta[EZTVx.to].mkv". Reason: "Would.I.Lie.To.You.S18E01.1080p.HEVC.x265-MeGusta[EZTVx.to].mkv file_open (/x-media/torrents/incomplete/Would.I.Lie.To.You.S18E01.1080p.HEVC.x265-MeGusta[EZTVx.to].mkv) error: Permission denied"
(W) 2025-01-11T05:43:11 - File error alert. Torrent: "Would.I.Lie.To.You.S18E01.1080p.HEVC.x265-MeGusta[EZTVx.to].mkv[eztvx.to]". File: "/x-media/torrents/incomplete/Would.I.Lie.To.You.S18E01.1080p.HEVC.x265-MeGusta[EZTVx.to].mkv". Reason: "Would.I.Lie.To.You.S18E01.1080p.HEVC.x265-MeGusta[EZTVx.to].mkv file_open (/x-media/torrents/incomplete/Would.I.Lie.To.You.S18E01.1080p.HEVC.x265-MeGusta[EZTVx.to].mkv) error: Permission denied"
(W) 2025-01-11T05:53:11 - File error alert. Torrent: "Would.I.Lie.To.You.S18E01.1080p.HEVC.x265-MeGusta[EZTVx.to].mkv[eztvx.to]". File: "/x-media/torrents/incomplete/Would.I.Lie.To.You.S18E01.1080p.HEVC.x265-MeGusta[EZTVx.to].mkv". Reason: "Would.I.Lie.To.You.S18E01.1080p.HEVC.x265-MeGusta[EZTVx.to].mkv file_open (/x-media/torrents/incomplete/Would.I.Lie.To.You.S18E01.1080p.HEVC.x265-MeGusta[EZTVx.to].mkv) error: Permission denied"
(W) 2025-01-11T06:03:12 - File error alert. Torrent: "Would.I.Lie.To.You.S18E01.1080p.HEVC.x265-MeGusta[EZTVx.to].mkv[eztvx.to]". File: "/x-media/torrents/incomplete/Would.I.Lie.To.You.S18E01.1080p.HEVC.x265-MeGusta[EZTVx.to].mkv". Reason: "Would.I.Lie.To.You.S18E01.1080p.HEVC.x265-MeGusta[EZTVx.to].mkv file_open (/x-media/torrents/incomplete/Would.I.Lie.To.You.S18E01.1080p.HEVC.x265-MeGusta[EZTVx.to].mkv) error: Permission denied"
(W) 2025-01-11T06:13:12 - File error alert. Torrent: "Would.I.Lie.To.You.S18E01.1080p.HEVC.x265-MeGusta[EZTVx.to].mkv[eztvx.to]". File: "/x-media/torrents/incomplete/Would.I.Lie.To.You.S18E01.1080p.HEVC.x265-MeGusta[EZTVx.to].mkv". Reason: "Would.I.Lie.To.You.S18E01.1080p.HEVC.x265-MeGusta[EZTVx.to].mkv file_open (/x-media/torrents/incomplete/Would.I.Lie.To.You.S18E01.1080p.HEVC.x265-MeGusta[EZTVx.to].mkv) error: Permission denied"
(W) 2025-01-11T06:23:12 - File error alert. Torrent: "Would.I.Lie.To.You.S18E01.1080p.HEVC.x265-MeGusta[EZTVx.to].mkv[eztvx.to]". File: "/x-media/torrents/incomplete/Would.I.Lie.To.You.S18E01.1080p.HEVC.x265-MeGusta[EZTVx.to].mkv". Reason: "Would.I.Lie.To.You.S18E01.1080p.HEVC.x265-MeGusta[EZTVx.to].mkv file_open (/x-media/torrents/incomplete/Would.I.Lie.To.You.S18E01.1080p.HEVC.x265-MeGusta[EZTVx.to].mkv) error: Permission denied"
(W) 2025-01-11T06:33:12 - File error alert. Torrent: "Would.I.Lie.To.You.S18E01.1080p.HEVC.x265-MeGusta[EZTVx.to].mkv[eztvx.to]". File: "/x-media/torrents/incomplete/Would.I.Lie.To.You.S18E01.1080p.HEVC.x265-MeGusta[EZTVx.to].mkv". Reason: "Would.I.Lie.To.You.S18E01.1080p.HEVC.x265-MeGusta[EZTVx.to].mkv file_open (/x-media/torrents/incomplete/Would.I.Lie.To.You.S18E01.1080p.HEVC.x265-MeGusta[EZTVx.to].mkv) error: Permission denied"
(W) 2025-01-11T06:43:13 - File error alert. Torrent: "Would.I.Lie.To.You.S18E01.1080p.HEVC.x265-MeGusta[EZTVx.to].mkv[eztvx.to]". File: "/x-media/torrents/incomplete/Would.I.Lie.To.You.S18E01.1080p.HEVC.x265-MeGusta[EZTVx.to].mkv". Reason: "Would.I.Lie.To.You.S18E01.1080p.HEVC.x265-MeGusta[EZTVx.to].mkv file_open (/x-media/torrents/incomplete/Would.I.Lie.To.You.S18E01.1080p.HEVC.x265-MeGusta[EZTVx.to].mkv) error: Permission denied"
(W) 2025-01-11T06:53:13 - File error alert. Torrent: "Would.I.Lie.To.You.S18E01.1080p.HEVC.x265-MeGusta[EZTVx.to].mkv[eztvx.to]". File: "/x-media/torrents/incomplete/Would.I.Lie.To.You.S18E01.1080p.HEVC.x265-MeGusta[EZTVx.to].mkv". Reason: "Would.I.Lie.To.You.S18E01.1080p.HEVC.x265-MeGusta[EZTVx.to].mkv file_open (/x-media/torrents/incomplete/Would.I.Lie.To.You.S18E01.1080p.HEVC.x265-MeGusta[EZTVx.to].mkv) error: Permission denied"
(W) 2025-01-11T07:03:13 - File error alert. Torrent: "Would.I.Lie.To.You.S18E01.1080p.HEVC.x265-MeGusta[EZTVx.to].mkv[eztvx.to]". File: "/x-media/torrents/incomplete/Would.I.Lie.To.You.S18E01.1080p.HEVC.x265-MeGusta[EZTVx.to].mkv". Reason: "Would.I.Lie.To.You.S18E01.1080p.HEVC.x265-MeGusta[EZTVx.to].mkv file_open (/x-media/torrents/incomplete/Would.I.Lie.To.You.S18E01.1080p.HEVC.x265-MeGusta[EZTVx.to].mkv) error: Permission denied"
(W) 2025-01-11T07:13:13 - File error alert. Torrent: "Would.I.Lie.To.You.S18E01.1080p.HEVC.x265-MeGusta[EZTVx.to].mkv[eztvx.to]". File: "/x-media/torrents/incomplete/Would.I.Lie.To.You.S18E01.1080p.HEVC.x265-MeGusta[EZTVx.to].mkv". Reason: "Would.I.Lie.To.You.S18E01.1080p.HEVC.x265-MeGusta[EZTVx.to].mkv file_open (/x-media/torrents/incomplete/Would.I.Lie.To.You.S18E01.1080p.HEVC.x265-MeGusta[EZTVx.to].mkv) error: Permission denied"
(W) 2025-01-11T07:23:14 - File error alert. Torrent: "Would.I.Lie.To.You.S18E01.1080p.HEVC.x265-MeGusta[EZTVx.to].mkv[eztvx.to]". File: "/x-media/torrents/incomplete/Would.I.Lie.To.You.S18E01.1080p.HEVC.x265-MeGusta[EZTVx.to].mkv". Reason: "Would.I.Lie.To.You.S18E01.1080p.HEVC.x265-MeGusta[EZTVx.to].mkv file_open (/x-media/torrents/incomplete/Would.I.Lie.To.You.S18E01.1080p.HEVC.x265-MeGusta[EZTVx.to].mkv) error: Permission denied"
(W) 2025-01-11T07:33:14 - File error alert. Torrent: "Would.I.Lie.To.You.S18E01.1080p.HEVC.x265-MeGusta[EZTVx.to].mkv[eztvx.to]". File: "/x-media/torrents/incomplete/Would.I.Lie.To.You.S18E01.1080p.HEVC.x265-MeGusta[EZTVx.to].mkv". Reason: "Would.I.Lie.To.You.S18E01.1080p.HEVC.x265-MeGusta[EZTVx.to].mkv file_open (/x-media/torrents/incomplete/Would.I.Lie.To.You.S18E01.1080p.HEVC.x265-MeGusta[EZTVx.to].mkv) error: Permission denied"
(W) 2025-01-11T07:43:14 - File error alert. Torrent: "Would.I.Lie.To.You.S18E01.1080p.HEVC.x265-MeGusta[EZTVx.to].mkv[eztvx.to]". File: "/x-media/torrents/incomplete/Would.I.Lie.To.You.S18E01.1080p.HEVC.x265-MeGusta[EZTVx.to].mkv". Reason: "Would.I.Lie.To.You.S18E01.1080p.HEVC.x265-MeGusta[EZTVx.to].mkv file_open (/x-media/torrents/incomplete/Would.I.Lie.To.You.S18E01.1080p.HEVC.x265-MeGusta[EZTVx.to].mkv) error: Permission denied"
(W) 2025-01-11T07:53:14 - File error alert. Torrent: "Would.I.Lie.To.You.S18E01.1080p.HEVC.x265-MeGusta[EZTVx.to].mkv[eztvx.to]". File: "/x-media/torrents/incomplete/Would.I.Lie.To.You.S18E01.1080p.HEVC.x265-MeGusta[EZTVx.to].mkv". Reason: "Would.I.Lie.To.You.S18E01.1080p.HEVC.x265-MeGusta[EZTVx.to].mkv file_open (/x-media/torrents/incomplete/Would.I.Lie.To.You.S18E01.1080p.HEVC.x265-MeGusta[EZTVx.to].mkv) error: Permission denied"
(W) 2025-01-11T08:03:15 - File error alert. Torrent: "Would.I.Lie.To.You.S18E01.1080p.HEVC.x265-MeGusta[EZTVx.to].mkv[eztvx.to]". File: "/x-media/torrents/incomplete/Would.I.Lie.To.You.S18E01.1080p.HEVC.x265-MeGusta[EZTVx.to].mkv". Reason: "Would.I.Lie.To.You.S18E01.1080p.HEVC.x265-MeGusta[EZTVx.to].mkv file_open (/x-media/torrents/incomplete/Would.I.Lie.To.You.S18E01.1080p.HEVC.x265-MeGusta[EZTVx.to].mkv) error: Permission denied"
(W) 2025-01-11T08:13:15 - File error alert. Torrent: "Would.I.Lie.To.You.S18E01.1080p.HEVC.x265-MeGusta[EZTVx.to].mkv[eztvx.to]". File: "/x-media/torrents/incomplete/Would.I.Lie.To.You.S18E01.1080p.HEVC.x265-MeGusta[EZTVx.to].mkv". Reason: "Would.I.Lie.To.You.S18E01.1080p.HEVC.x265-MeGusta[EZTVx.to].mkv file_open (/x-media/torrents/incomplete/Would.I.Lie.To.You.S18E01.1080p.HEVC.x265-MeGusta[EZTVx.to].mkv) error: Permission denied"
(W) 2025-01-11T08:23:15 - File error alert. Torrent: "Would.I.Lie.To.You.S18E01.1080p.HEVC.x265-MeGusta[EZTVx.to].mkv[eztvx.to]". File: "/x-media/torrents/incomplete/Would.I.Lie.To.You.S18E01.1080p.HEVC.x265-MeGusta[EZTVx.to].mkv". Reason: "Would.I.Lie.To.You.S18E01.1080p.HEVC.x265-MeGusta[EZTVx.to].mkv file_open (/x-media/torrents/incomplete/Would.I.Lie.To.You.S18E01.1080p.HEVC.x265-MeGusta[EZTVx.to].mkv) error: Permission denied"
(W) 2025-01-11T08:33:15 - File error alert. Torrent: "Would.I.Lie.To.You.S18E01.1080p.HEVC.x265-MeGusta[EZTVx.to].mkv[eztvx.to]". File: "/x-media/torrents/incomplete/Would.I.Lie.To.You.S18E01.1080p.HEVC.x265-MeGusta[EZTVx.to].mkv". Reason: "Would.I.Lie.To.You.S18E01.1080p.HEVC.x265-MeGusta[EZTVx.to].mkv file_open (/x-media/torrents/incomplete/Would.I.Lie.To.You.S18E01.1080p.HEVC.x265-MeGusta[EZTVx.to].mkv) error: Permission denied"
(W) 2025-01-11T08:43:15 - File error alert. Torrent: "Would.I.Lie.To.You.S18E01.1080p.HEVC.x265-MeGusta[EZTVx.to].mkv[eztvx.to]". File: "/x-media/torrents/incomplete/Would.I.Lie.To.You.S18E01.1080p.HEVC.x265-MeGusta[EZTVx.to].mkv". Reason: "Would.I.Lie.To.You.S18E01.1080p.HEVC.x265-MeGusta[EZTVx.to].mkv file_open (/x-media/torrents/incomplete/Would.I.Lie.To.You.S18E01.1080p.HEVC.x265-MeGusta[EZTVx.to].mkv) error: Permission denied"
(W) 2025-01-11T08:53:15 - File error alert. Torrent: "Would.I.Lie.To.You.S18E01.1080p.HEVC.x265-MeGusta[EZTVx.to].mkv[eztvx.to]". File: "/x-media/torrents/incomplete/Would.I.Lie.To.You.S18E01.1080p.HEVC.x265-MeGusta[EZTVx.to].mkv". Reason: "Would.I.Lie.To.You.S18E01.1080p.HEVC.x265-MeGusta[EZTVx.to].mkv file_open (/x-media/torrents/incomplete/Would.I.Lie.To.You.S18E01.1080p.HEVC.x265-MeGusta[EZTVx.to].mkv) error: Permission denied"
(W) 2025-01-11T09:03:15 - File error alert. Torrent: "Would.I.Lie.To.You.S18E01.1080p.HEVC.x265-MeGusta[EZTVx.to].mkv[eztvx.to]". File: "/x-media/torrents/incomplete/Would.I.Lie.To.You.S18E01.1080p.HEVC.x265-MeGusta[EZTVx.to].mkv". Reason: "Would.I.Lie.To.You.S18E01.1080p.HEVC.x265-MeGusta[EZTVx.to].mkv file_open (/x-media/torrents/incomplete/Would.I.Lie.To.You.S18E01.1080p.HEVC.x265-MeGusta[EZTVx.to].mkv) error: Permission denied"
(W) 2025-01-11T09:13:16 - File error alert. Torrent: "Would.I.Lie.To.You.S18E01.1080p.HEVC.x265-MeGusta[EZTVx.to].mkv[eztvx.to]". File: "/x-media/torrents/incomplete/Would.I.Lie.To.You.S18E01.1080p.HEVC.x265-MeGusta[EZTVx.to].mkv". Reason: "Would.I.Lie.To.You.S18E01.1080p.HEVC.x265-MeGusta[EZTVx.to].mkv file_open (/x-media/torrents/incomplete/Would.I.Lie.To.You.S18E01.1080p.HEVC.x265-MeGusta[EZTVx.to].mkv) error: Permission denied"
(W) 2025-01-11T09:23:17 - File error alert. Torrent: "Would.I.Lie.To.You.S18E01.1080p.HEVC.x265-MeGusta[EZTVx.to].mkv[eztvx.to]". File: "/x-media/torrents/incomplete/Would.I.Lie.To.You.S18E01.1080p.HEVC.x265-MeGusta[EZTVx.to].mkv". Reason: "Would.I.Lie.To.You.S18E01.1080p.HEVC.x265-MeGusta[EZTVx.to].mkv file_open (/x-media/torrents/incomplete/Would.I.Lie.To.You.S18E01.1080p.HEVC.x265-MeGusta[EZTVx.to].mkv) error: Permission denied"
(W) 2025-01-11T09:33:18 - File error alert. Torrent: "Would.I.Lie.To.You.S18E01.1080p.HEVC.x265-MeGusta[EZTVx.to].mkv[eztvx.to]". File: "/x-media/torrents/incomplete/Would.I.Lie.To.You.S18E01.1080p.HEVC.x265-MeGusta[EZTVx.to].mkv". Reason: "Would.I.Lie.To.You.S18E01.1080p.HEVC.x265-MeGusta[EZTVx.to].mkv file_open (/x-media/torrents/incomplete/Would.I.Lie.To.You.S18E01.1080p.HEVC.x265-MeGusta[EZTVx.to].mkv) error: Permission denied"
(W) 2025-01-11T09:43:18 - File error alert. Torrent: "Would.I.Lie.To.You.S18E01.1080p.HEVC.x265-MeGusta[EZTVx.to].mkv[eztvx.to]". File: "/x-media/torrents/incomplete/Would.I.Lie.To.You.S18E01.1080p.HEVC.x265-MeGusta[EZTVx.to].mkv". Reason: "Would.I.Lie.To.You.S18E01.1080p.HEVC.x265-MeGusta[EZTVx.to].mkv file_open (/x-media/torrents/incomplete/Would.I.Lie.To.You.S18E01.1080p.HEVC.x265-MeGusta[EZTVx.to].mkv) error: Permission denied"
(W) 2025-01-11T09:53:19 - File error alert. Torrent: "Would.I.Lie.To.You.S18E01.1080p.HEVC.x265-MeGusta[EZTVx.to].mkv[eztvx.to]". File: "/x-media/torrents/incomplete/Would.I.Lie.To.You.S18E01.1080p.HEVC.x265-MeGusta[EZTVx.to].mkv". Reason: "Would.I.Lie.To.You.S18E01.1080p.HEVC.x265-MeGusta[EZTVx.to].mkv file_open (/x-media/torrents/incomplete/Would.I.Lie.To.You.S18E01.1080p.HEVC.x265-MeGusta[EZTVx.to].mkv) error: Permission denied"
(W) 2025-01-11T09:53:22 - File error alert. Torrent: "Would.I.Lie.To.You.S18E01.1080p.HEVC.x265-MeGusta[EZTVx.to].mkv[eztvx.to]". File: "/x-media/torrents/incomplete/Would.I.Lie.To.You.S18E01.1080p.HEVC.x265-MeGusta[EZTVx.to].mkv". Reason: "Would.I.Lie.To.You.S18E01.1080p.HEVC.x265-MeGusta[EZTVx.to].mkv file_open (/x-media/torrents/incomplete/Would.I.Lie.To.You.S18E01.1080p.HEVC.x265-MeGusta[EZTVx.to].mkv) error: Permission denied"
(W) 2025-01-11T10:03:20 - File error alert. Torrent: "Would.I.Lie.To.You.S18E01.1080p.HEVC.x265-MeGusta[EZTVx.to].mkv[eztvx.to]". File: "/x-media/torrents/incomplete/Would.I.Lie.To.You.S18E01.1080p.HEVC.x265-MeGusta[EZTVx.to].mkv". Reason: "Would.I.Lie.To.You.S18E01.1080p.HEVC.x265-MeGusta[EZTVx.to].mkv file_open (/x-media/torrents/incomplete/Would.I.Lie.To.You.S18E01.1080p.HEVC.x265-MeGusta[EZTVx.to].mkv) error: Permission denied"
(W) 2025-01-11T10:13:20 - File error alert. Torrent: "Would.I.Lie.To.You.S18E01.1080p.HEVC.x265-MeGusta[EZTVx.to].mkv[eztvx.to]". File: "/x-media/torrents/incomplete/Would.I.Lie.To.You.S18E01.1080p.HEVC.x265-MeGusta[EZTVx.to].mkv". Reason: "Would.I.Lie.To.You.S18E01.1080p.HEVC.x265-MeGusta[EZTVx.to].mkv file_open (/x-media/torrents/incomplete/Would.I.Lie.To.You.S18E01.1080p.HEVC.x265-MeGusta[EZTVx.to].mkv) error: Permission denied"
(W) 2025-01-11T10:23:20 - File error alert. Torrent: "Would.I.Lie.To.You.S18E01.1080p.HEVC.x265-MeGusta[EZTVx.to].mkv[eztvx.to]". File: "/x-media/torrents/incomplete/Would.I.Lie.To.You.S18E01.1080p.HEVC.x265-MeGusta[EZTVx.to].mkv". Reason: "Would.I.Lie.To.You.S18E01.1080p.HEVC.x265-MeGusta[EZTVx.to].mkv file_open (/x-media/torrents/incomplete/Would.I.Lie.To.You.S18E01.1080p.HEVC.x265-MeGusta[EZTVx.to].mkv) error: Permission denied"
(W) 2025-01-11T10:33:21 - File error alert. Torrent: "Would.I.Lie.To.You.S18E01.1080p.HEVC.x265-MeGusta[EZTVx.to].mkv[eztvx.to]". File: "/x-media/torrents/incomplete/Would.I.Lie.To.You.S18E01.1080p.HEVC.x265-MeGusta[EZTVx.to].mkv". Reason: "Would.I.Lie.To.You.S18E01.1080p.HEVC.x265-MeGusta[EZTVx.to].mkv file_open (/x-media/torrents/incomplete/Would.I.Lie.To.You.S18E01.1080p.HEVC.x265-MeGusta[EZTVx.to].mkv) error: Permission denied"
(W) 2025-01-11T10:43:22 - File error alert. Torrent: "Would.I.Lie.To.You.S18E01.1080p.HEVC.x265-MeGusta[EZTVx.to].mkv[eztvx.to]". File: "/x-media/torrents/incomplete/Would.I.Lie.To.You.S18E01.1080p.HEVC.x265-MeGusta[EZTVx.to].mkv". Reason: "Would.I.Lie.To.You.S18E01.1080p.HEVC.x265-MeGusta[EZTVx.to].mkv file_open (/x-media/torrents/incomplete/Would.I.Lie.To.You.S18E01.1080p.HEVC.x265-MeGusta[EZTVx.to].mkv) error: Permission denied"
(W) 2025-01-11T10:53:22 - File error alert. Torrent: "Would.I.Lie.To.You.S18E01.1080p.HEVC.x265-MeGusta[EZTVx.to].mkv[eztvx.to]". File: "/x-media/torrents/incomplete/Would.I.Lie.To.You.S18E01.1080p.HEVC.x265-MeGusta[EZTVx.to].mkv". Reason: "Would.I.Lie.To.You.S18E01.1080p.HEVC.x265-MeGusta[EZTVx.to].mkv file_open (/x-media/torrents/incomplete/Would.I.Lie.To.You.S18E01.1080p.HEVC.x265-MeGusta[EZTVx.to].mkv) error: Permission denied"
(W) 2025-01-11T11:03:22 - File error alert. Torrent: "Would.I.Lie.To.You.S18E01.1080p.HEVC.x265-MeGusta[EZTVx.to].mkv[eztvx.to]". File: "/x-media/torrents/incomplete/Would.I.Lie.To.You.S18E01.1080p.HEVC.x265-MeGusta[EZTVx.to].mkv". Reason: "Would.I.Lie.To.You.S18E01.1080p.HEVC.x265-MeGusta[EZTVx.to].mkv file_open (/x-media/torrents/incomplete/Would.I.Lie.To.You.S18E01.1080p.HEVC.x265-MeGusta[EZTVx.to].mkv) error: Permission denied"
(W) 2025-01-11T11:03:25 - File error alert. Torrent: "Would.I.Lie.To.You.S18E01.1080p.HEVC.x265-MeGusta[EZTVx.to].mkv[eztvx.to]". File: "/x-media/torrents/incomplete/Would.I.Lie.To.You.S18E01.1080p.HEVC.x265-MeGusta[EZTVx.to].mkv". Reason: "Would.I.Lie.To.You.S18E01.1080p.HEVC.x265-MeGusta[EZTVx.to].mkv file_open (/x-media/torrents/incomplete/Would.I.Lie.To.You.S18E01.1080p.HEVC.x265-MeGusta[EZTVx.to].mkv) error: Permission denied"
(W) 2025-01-11T11:13:23 - File error alert. Torrent: "Would.I.Lie.To.You.S18E01.1080p.HEVC.x265-MeGusta[EZTVx.to].mkv[eztvx.to]". File: "/x-media/torrents/incomplete/Would.I.Lie.To.You.S18E01.1080p.HEVC.x265-MeGusta[EZTVx.to].mkv". Reason: "Would.I.Lie.To.You.S18E01.1080p.HEVC.x265-MeGusta[EZTVx.to].mkv file_open (/x-media/torrents/incomplete/Would.I.Lie.To.You.S18E01.1080p.HEVC.x265-MeGusta[EZTVx.to].mkv) error: Permission denied"
(W) 2025-01-11T11:23:23 - File error alert. Torrent: "Would.I.Lie.To.You.S18E01.1080p.HEVC.x265-MeGusta[EZTVx.to].mkv[eztvx.to]". File: "/x-media/torrents/incomplete/Would.I.Lie.To.You.S18E01.1080p.HEVC.x265-MeGusta[EZTVx.to].mkv". Reason: "Would.I.Lie.To.You.S18E01.1080p.HEVC.x265-MeGusta[EZTVx.to].mkv file_open (/x-media/torrents/incomplete/Would.I.Lie.To.You.S18E01.1080p.HEVC.x265-MeGusta[EZTVx.to].mkv) error: Permission denied"
(W) 2025-01-11T11:33:23 - File error alert. Torrent: "Would.I.Lie.To.You.S18E01.1080p.HEVC.x265-MeGusta[EZTVx.to].mkv[eztvx.to]". File: "/x-media/torrents/incomplete/Would.I.Lie.To.You.S18E01.1080p.HEVC.x265-MeGusta[EZTVx.to].mkv". Reason: "Would.I.Lie.To.You.S18E01.1080p.HEVC.x265-MeGusta[EZTVx.to].mkv file_open (/x-media/torrents/incomplete/Would.I.Lie.To.You.S18E01.1080p.HEVC.x265-MeGusta[EZTVx.to].mkv) error: Permission denied"
(W) 2025-01-11T11:43:23 - File error alert. Torrent: "Would.I.Lie.To.You.S18E01.1080p.HEVC.x265-MeGusta[EZTVx.to].mkv[eztvx.to]". File: "/x-media/torrents/incomplete/Would.I.Lie.To.You.S18E01.1080p.HEVC.x265-MeGusta[EZTVx.to].mkv". Reason: "Would.I.Lie.To.You.S18E01.1080p.HEVC.x265-MeGusta[EZTVx.to].mkv file_open (/x-media/torrents/incomplete/Would.I.Lie.To.You.S18E01.1080p.HEVC.x265-MeGusta[EZTVx.to].mkv) error: Permission denied"
(W) 2025-01-11T11:53:24 - File error alert. Torrent: "Would.I.Lie.To.You.S18E01.1080p.HEVC.x265-MeGusta[EZTVx.to].mkv[eztvx.to]". File: "/x-media/torrents/incomplete/Would.I.Lie.To.You.S18E01.1080p.HEVC.x265-MeGusta[EZTVx.to].mkv". Reason: "Would.I.Lie.To.You.S18E01.1080p.HEVC.x265-MeGusta[EZTVx.to].mkv file_open (/x-media/torrents/incomplete/Would.I.Lie.To.You.S18E01.1080p.HEVC.x265-MeGusta[EZTVx.to].mkv) error: Permission denied"
(N) 2025-01-11T12:03:49 - Enqueued torrent move. Torrent: "Would.I.Lie.To.You.S18E01.1080p.HEVC.x265-MeGusta[EZTVx.to].mkv[eztvx.to]". Source: "/x-media/torrents/incomplete". Destination: "/x-media/torrents"
(N) 2025-01-11T12:03:49 - Start moving torrent. Torrent: "Would.I.Lie.To.You.S18E01.1080p.HEVC.x265-MeGusta[EZTVx.to].mkv[eztvx.to]". Destination: "/x-media/torrents"
(N) 2025-01-11T12:03:49 - Moved torrent successfully. Torrent: "Would.I.Lie.To.You.S18E01.1080p.HEVC.x265-MeGusta[EZTVx.to].mkv[eztvx.to]". Destination: "/x-media/torrents"
(N) 2025-01-11T12:03:49 - Torrent download finished. Torrent: "Would.I.Lie.To.You.S18E01.1080p.HEVC.x265-MeGusta[EZTVx.to].mkv[eztvx.to]"
(N) 2025-01-11T12:33:54 - Torrent paused. Torrent: "Would.I.Lie.To.You.S18E01.1080p.HEVC.x265-MeGusta[EZTVx.to].mkv[eztvx.to]"
(N) 2025-01-11T12:33:54 - Torrent reached the seeding time limit. Torrent paused. Torrent: "Would.I.Lie.To.You.S18E01.1080p.HEVC.x265-MeGusta[EZTVx.to].mkv[eztvx.to]".
(N) 2025-01-11T12:33:55 - Removed torrent and deleted its content. Torrent: "Would.I.Lie.To.You.S18E01.1080p.HEVC.x265-MeGusta[EZTVx.to].mkv[eztvx.to]"
(N) 2025-01-11T13:51:32 - qBittorrent termination initiated
(N) 2025-01-11T13:51:32 - qBittorrent is now ready to exit
(N) 2025-01-11T14:29:53 - qBittorrent v4.6.5 started
(N) 2025-01-11T14:29:53 - Using config directory: /config/qBittorrent
(N) 2025-01-11T14:29:53 - Trying to listen on the following list of IP addresses: "0.0.0.0:28016,[::]:28016"
(I) 2025-01-11T14:29:53 - Peer ID: "-qB4650-"
(I) 2025-01-11T14:29:53 - HTTP User-Agent: "qBittorrent/4.6.5"
(I) 2025-01-11T14:29:53 - Distributed Hash Table (DHT) support: ON
(I) 2025-01-11T14:29:53 - Local Peer Discovery support: ON
(I) 2025-01-11T14:29:53 - Peer Exchange (PeX) support: ON
(I) 2025-01-11T14:29:53 - Anonymous mode: ON
(I) 2025-01-11T14:29:53 - Encryption support: ON
(I) 2025-01-11T14:29:53 - Successfully listening on IP. IP: "127.0.0.1". Port: "TCP/28016"
(I) 2025-01-11T14:29:53 - Successfully listening on IP. IP: "127.0.0.1". Port: "UTP/28016"
(I) 2025-01-11T14:29:53 - Successfully listening on IP. IP: "172.18.0.2". Port: "TCP/28016"
(I) 2025-01-11T14:29:53 - Successfully listening on IP. IP: "172.18.0.2". Port: "UTP/28016"
(I) 2025-01-11T14:29:53 - IP geolocation database loaded. Type: DBIP-Country-Lite. Build time: Tue Dec 31 18:22:30 2024.
(N) 2025-01-11T14:29:54 - Using built-in WebUI.
(N) 2025-01-11T14:29:54 - WebUI translation for selected locale (en) has been successfully loaded.
(N) 2025-01-11T14:29:54 - WebUI: Now listening on IP: *, port: 8090
(I) 2025-01-11T14:29:54 - Detected external IP. IP: "209.216.163.15"
(N) 2025-01-11T14:29:54 - WebAPI login success. IP: ::ffff:127.0.0.1
(N) 2025-01-11T14:29:54 - Trying to listen on the following list of IP addresses: "0.0.0.0:31091,[::]:31091"
(I) 2025-01-11T14:29:54 - Successfully listening on IP. IP: "127.0.0.1". Port: "TCP/31091"
(I) 2025-01-11T14:29:54 - Successfully listening on IP. IP: "127.0.0.1". Port: "UTP/31091"
(I) 2025-01-11T14:29:54 - Successfully listening on IP. IP: "10.5.241.183". Port: "TCP/31091"
(I) 2025-01-11T14:29:54 - Successfully listening on IP. IP: "10.5.241.183". Port: "UTP/31091"
(I) 2025-01-11T14:29:54 - Successfully listening on IP. IP: "172.18.0.2". Port: "TCP/31091"
(I) 2025-01-11T14:29:54 - Successfully listening on IP. IP: "172.18.0.2". Port: "UTP/31091"
(N) 2025-01-11T14:30:18 - WebAPI login success. IP: ::ffff:192.168.1.8
(N) 2025-01-11T14:30:55 - qBittorrent termination initiated
(N) 2025-01-11T14:30:55 - qBittorrent is now ready to exit
